    Checking bevy-learning-capstone v0.1.0 (E:\sources\bevy_tutorials)
error[E0432]: unresolved import `bevy::audio::Audio`
 --> src\main.rs:4:19
  |
4 | use bevy::audio::{Audio, AudioSource};
  |                   ^^^^^ no `Audio` in the root
  |
help: a similar name exists in the module
  |
4 - use bevy::audio::{Audio, AudioSource};
4 + use bevy::audio::{audio, AudioSource};
  |

error[E0599]: no method named `delta_seconds_f64` found for struct `bevy::bevy_ecs::change_detection::Res<'_, bevy::bevy_time::Time>` in the current scope
   --> src\main.rs:393:22
    |
393 |     let delta = time.delta_seconds_f64() as f32;
    |                      ^^^^^^^^^^^^^^^^^
    |
help: there is a method `delta_secs_f64` with a similar name
    |
393 -     let delta = time.delta_seconds_f64() as f32;
393 +     let delta = time.delta_secs_f64() as f32;
    |

error[E0599]: no method named `delta_seconds_f64` found for struct `bevy::bevy_ecs::change_detection::Res<'_, bevy::bevy_time::Time>` in the current scope
   --> src\main.rs:429:67
    |
429 |             transform.translation.x += dir.x * ENEMY_SPEED * time.delta_seconds_f64() as f32;
    |                                                                   ^^^^^^^^^^^^^^^^^
    |
help: there is a method `delta_secs_f64` with a similar name
    |
429 -             transform.translation.x += dir.x * ENEMY_SPEED * time.delta_seconds_f64() as f32;
429 +             transform.translation.x += dir.x * ENEMY_SPEED * time.delta_secs_f64() as f32;
    |

error[E0599]: no method named `delta_seconds_f64` found for struct `bevy::bevy_ecs::change_detection::Res<'_, bevy::bevy_time::Time>` in the current scope
   --> src\main.rs:430:67
    |
430 |             transform.translation.y += dir.y * ENEMY_SPEED * time.delta_seconds_f64() as f32;
    |                                                                   ^^^^^^^^^^^^^^^^^
    |
help: there is a method `delta_secs_f64` with a similar name
    |
430 -             transform.translation.y += dir.y * ENEMY_SPEED * time.delta_seconds_f64() as f32;
430 +             transform.translation.y += dir.y * ENEMY_SPEED * time.delta_secs_f64() as f32;
    |

Some errors have detailed explanations: E0432, E0599.
For more information about an error, try `rustc --explain E0432`.
error: could not compile `bevy-learning-capstone` (bin "bevy-learning-capstone") due to 4 previous errors
